[Mon Oct 30 09:39:06.706359 2017] [:error] [pid 24166:tid 140262816868096] [client 116.90.81.114:54699] script '/usr/local/apache/htdocs/sheep.php' not found or unable to stat
[Mon Oct 30 13:36:18.615784 2017] [cgid:error] [pid 9519:tid 140262785398528] [client 139.255.70.38:53182] AH01264: script not found or unable to stat: /usr/local/apache/cgi-bin/php
[Mon Oct 30 17:07:48.415254 2017] [cgid:error] [pid 9519:tid 140262701479680] [client 81.196.44.23:59758] AH01264: script not found or unable to stat: /usr/local/apache/cgi-bin/php
[Mon Oct 30 20:27:56.966916 2017] [:error] [pid 24166:tid 140262638540544] [client 201.82.153.11:59269] script '/usr/local/apache/htdocs/stssys.htm' not found or unable to stat
[Mon Oct 30 20:28:03.016368 2017] [:error] [pid 9519:tid 140262774908672] [client 201.82.153.11:59302] script '/usr/local/apache/htdocs/command.php' not found or unable to stat
[Wed Nov 01 18:48:55.480016 2017] [:error] [pid 9519:tid 140262670010112] [client 185.188.207.8:41860] script '/usr/local/apache/htdocs/xmlrpc.php' not found or unable to stat
[Thu Nov 02 01:11:54.464208 2017] [:error] [pid 9519:tid 140262628050688] [client 198.55.103.198:4311] script '/usr/local/apache/htdocs/azenv.php' not found or unable to stat
[Thu Nov 02 06:47:23.290134 2017] [:error] [pid 24166:tid 140262680499968] [client 177.142.135.173:52000] script '/usr/local/apache/htdocs/getcfg.php' not found or unable to stat
[Thu Nov 02 06:47:28.893644 2017] [:error] [pid 9519:tid 140262806378240] [client 177.142.135.173:52024] script '/usr/local/apache/htdocs/getcfg.php' not found or unable to stat
[Fri Nov 03 18:26:13.719012 2017] [cgid:error] [pid 24146:tid 140262732949248] [client 51.15.139.78:54632] AH01264: script not found or unable to stat: /usr/local/apache/cgi-bin/php
[Sun Nov 05 10:41:25.920366 2017] [:error] [pid 24145:tid 140262464513792] [client 179.218.137.93:36229] script '/usr/local/apache/htdocs/stssys.htm' not found or unable to stat
[Sun Nov 05 10:41:31.968634 2017] [:error] [pid 24166:tid 140262764418816] [client 179.218.137.93:36281] script '/usr/local/apache/htdocs/command.php' not found or unable to stat
[Mon Nov 06 08:22:33.070980 2017] [cgid:error] [pid 2570:tid 140263321696000] (13)Permission denied: AH01241: exec of '/usr/local/apache/cgi-bin/test-cgi' failed
[Mon Nov 06 08:22:33.109059 2017] [cgid:error] [pid 9519:tid 140262617560832] [client 119.97.142.81:63613] End of script output before headers: test-cgi
[Mon Nov 06 08:22:33.230559 2017] [cgid:error] [pid 24145:tid 140262433044224] [client 119.97.142.81:59871] AH01264: script not found or unable to stat: /usr/local/apache/cgi-bin/test
[Mon Nov 06 08:22:33.364913 2017] [cgid:error] [pid 24146:tid 140262774908672] [client 119.97.142.81:6654] AH01264: script not found or unable to stat: /usr/local/apache/cgi-bin/test.cgi
[Mon Nov 06 08:22:33.466965 2017] [cgid:error] [pid 24166:tid 140262764418816] [client 119.97.142.81:22788] AH01264: script not found or unable to stat: /usr/local/apache/cgi-bin/test.sh
[Mon Nov 06 08:22:33.567318 2017] [cgid:error] [pid 9519:tid 140262774908672] [client 119.97.142.81:51498] AH01264: script not found or unable to stat: /usr/local/apache/cgi-bin/test
[Mon Nov 06 08:22:33.664165 2017] [cgid:error] [pid 24145:tid 140262370105088] [client 119.97.142.81:47410] AH01264: script not found or unable to stat: /usr/local/apache/cgi-bin/test-cgi.pl
[Mon Nov 06 08:22:49.422474 2017] [cgid:error] [pid 2610:tid 140263321696000] (13)Permission denied: AH01241: exec of '/usr/local/apache/cgi-bin/test-cgi' failed
[Mon Nov 06 08:22:49.423676 2017] [cgid:error] [pid 9519:tid 140262753928960] [client 118.123.213.211:10836] End of script output before headers: test-cgi
[Mon Nov 06 08:22:49.628898 2017] [cgid:error] [pid 24146:tid 140262670010112] [client 118.123.213.211:10899] AH01264: script not found or unable to stat: /usr/local/apache/cgi-bin/test
[Mon Nov 06 08:22:49.806647 2017] [cgid:error] [pid 24145:tid 140262380594944] [client 118.123.213.211:10950] AH01264: script not found or unable to stat: /usr/local/apache/cgi-bin/test.cgi
[Mon Nov 06 08:22:49.957812 2017] [cgid:error] [pid 24166:tid 140262743439104] [client 118.123.213.211:11003] AH01264: script not found or unable to stat: /usr/local/apache/cgi-bin/test.sh
[Mon Nov 06 08:22:50.087815 2017] [cgid:error] [pid 9519:tid 140262701479680] [client 118.123.213.211:11024] AH01264: script not found or unable to stat: /usr/local/apache/cgi-bin/test
[Mon Nov 06 08:22:50.254808 2017] [cgid:error] [pid 24145:tid 140262349125376] [client 118.123.213.211:11062] AH01264: script not found or unable to stat: /usr/local/apache/cgi-bin/test-cgi.pl
[Mon Nov 06 23:52:51.131414 2017] [cgid:error] [pid 19448:tid 140263321696000] (13)Permission denied: AH01241: exec of '/usr/local/apache/cgi-bin/test-cgi' failed
[Mon Nov 06 23:52:51.181031 2017] [cgid:error] [pid 24146:tid 140262732949248] [client 115.182.238.71:60394] End of script output before headers: test-cgi
[Mon Nov 06 23:52:51.283279 2017] [cgid:error] [pid 9519:tid 140262701479680] [client 115.182.238.71:60430] AH01264: script not found or unable to stat: /usr/local/apache/cgi-bin/test
[Mon Nov 06 23:52:51.391448 2017] [cgid:error] [pid 24145:tid 140262649030400] [client 115.182.238.71:60458] AH01264: script not found or unable to stat: /usr/local/apache/cgi-bin/test.cgi
[Mon Nov 06 23:52:51.587868 2017] [cgid:error] [pid 24166:tid 140262753928960] [client 115.182.238.70:60509] AH01264: script not found or unable to stat: /usr/local/apache/cgi-bin/test.sh
[Mon Nov 06 23:52:51.709668 2017] [cgid:error] [pid 9519:tid 140262764418816] [client 115.182.238.70:60542] AH01264: script not found or unable to stat: /usr/local/apache/cgi-bin/test
[Mon Nov 06 23:52:51.818362 2017] [cgid:error] [pid 24146:tid 140262701479680] [client 115.182.238.70:60573] AH01264: script not found or unable to stat: /usr/local/apache/cgi-bin/test-cgi.pl
[Tue Nov 07 01:16:37.549888 2017] [cgid:error] [pid 23166:tid 140263321696000] (13)Permission denied: AH01241: exec of '/usr/local/apache/cgi-bin/test-cgi' failed
[Tue Nov 07 01:16:37.551088 2017] [cgid:error] [pid 24146:tid 140262670010112] [client 124.115.170.7:41860] End of script output before headers: test-cgi
[Tue Nov 07 01:16:37.849400 2017] [cgid:error] [pid 9519:tid 140262586091264] [client 124.115.170.7:41945] AH01264: script not found or unable to stat: /usr/local/apache/cgi-bin/test
[Tue Nov 07 01:16:38.115869 2017] [cgid:error] [pid 24166:tid 140262732949248] [client 124.115.170.7:41996] AH01264: script not found or unable to stat: /usr/local/apache/cgi-bin/test.cgi
[Tue Nov 07 01:16:38.432940 2017] [cgid:error] [pid 24145:tid 140262548432640] [client 124.115.170.7:42051] AH01264: script not found or unable to stat: /usr/local/apache/cgi-bin/test.sh
[Tue Nov 07 01:16:38.761926 2017] [cgid:error] [pid 24146:tid 140262649030400] [client 124.115.170.7:42112] AH01264: script not found or unable to stat: /usr/local/apache/cgi-bin/test
[Tue Nov 07 01:16:39.086740 2017] [cgid:error] [pid 9519:tid 140262680499968] [client 124.115.170.7:42185] AH01264: script not found or unable to stat: /usr/local/apache/cgi-bin/test-cgi.pl
[Tue Nov 07 08:10:44.529468 2017] [cgid:error] [pid 9796:tid 140263321696000] (13)Permission denied: AH01241: exec of '/usr/local/apache/cgi-bin/test-cgi' failed
[Tue Nov 07 08:10:44.530694 2017] [cgid:error] [pid 9519:tid 140262827357952] [client 218.4.252.12:38401] End of script output before headers: test-cgi
[Tue Nov 07 08:10:44.762175 2017] [cgid:error] [pid 24145:tid 140262401574656] [client 218.4.252.12:38456] AH01264: script not found or unable to stat: /usr/local/apache/cgi-bin/test
[Tue Nov 07 08:10:45.001461 2017] [cgid:error] [pid 24146:tid 140262774908672] [client 218.4.252.12:38503] AH01264: script not found or unable to stat: /usr/local/apache/cgi-bin/test.cgi
[Tue Nov 07 08:10:45.257228 2017] [cgid:error] [pid 24145:tid 140262422554368] [client 218.4.252.12:38558] AH01264: script not found or unable to stat: /usr/local/apache/cgi-bin/test.sh
[Tue Nov 07 08:10:45.451718 2017] [cgid:error] [pid 24166:tid 140262910109440] [client 218.4.252.12:38619] AH01264: script not found or unable to stat: /usr/local/apache/cgi-bin/test
[Tue Nov 07 08:10:45.610677 2017] [cgid:error] [pid 9519:tid 140262711969536] [client 218.4.252.12:38650] AH01264: script not found or unable to stat: /usr/local/apache/cgi-bin/test-cgi.pl
[Tue Nov 07 09:51:43.935107 2017] [cgid:error] [pid 14750:tid 140263321696000] (13)Permission denied: AH01241: exec of '/usr/local/apache/cgi-bin/test-cgi' failed
[Tue Nov 07 09:51:43.962065 2017] [cgid:error] [pid 24166:tid 140262785398528] [client 139.219.69.248:46668] End of script output before headers: test-cgi
[Tue Nov 07 09:51:44.182223 2017] [cgid:error] [pid 24145:tid 140262670010112] [client 139.219.69.248:46806] AH01264: script not found or unable to stat: /usr/local/apache/cgi-bin/test
[Tue Nov 07 09:51:44.382161 2017] [cgid:error] [pid 9519:tid 140262722459392] [client 139.219.69.248:46926] AH01264: script not found or unable to stat: /usr/local/apache/cgi-bin/test.cgi
[Tue Nov 07 09:51:44.594146 2017] [cgid:error] [pid 24146:tid 140262680499968] [client 139.219.69.248:47034] AH01264: script not found or unable to stat: /usr/local/apache/cgi-bin/test.sh
[Tue Nov 07 09:51:44.798276 2017] [cgid:error] [pid 24166:tid 140262743439104] [client 139.219.69.248:47142] AH01264: script not found or unable to stat: /usr/local/apache/cgi-bin/test
[Tue Nov 07 09:51:45.002407 2017] [cgid:error] [pid 24145:tid 140262516963072] [client 139.219.69.248:47244] AH01264: script not found or unable to stat: /usr/local/apache/cgi-bin/test-cgi.pl
[Tue Nov 07 15:47:59.175538 2017] [cgid:error] [pid 30767:tid 140263321696000] (13)Permission denied: AH01241: exec of '/usr/local/apache/cgi-bin/test-cgi' failed
[Tue Nov 07 15:47:59.176761 2017] [cgid:error] [pid 24146:tid 140262659520256] [client 211.115.68.189:39948] End of script output before headers: test-cgi
[Tue Nov 07 15:48:02.184771 2017] [cgid:error] [pid 9519:tid 140262596581120] [client 211.115.68.189:40254] AH01264: script not found or unable to stat: /usr/local/apache/cgi-bin/test
[Tue Nov 07 15:48:05.192031 2017] [cgid:error] [pid 9519:tid 140262795888384] [client 211.115.68.189:40648] AH01264: script not found or unable to stat: /usr/local/apache/cgi-bin/test.cgi
[Tue Nov 07 15:48:05.201050 2017] [cgid:error] [pid 24166:tid 140262690989824] [client 211.115.68.189:40649] AH01264: script not found or unable to stat: /usr/local/apache/cgi-bin/test.sh
[Tue Nov 07 15:48:08.208358 2017] [cgid:error] [pid 24166:tid 140262701479680] [client 211.115.68.189:41020] AH01264: script not found or unable to stat: /usr/local/apache/cgi-bin/test
[Tue Nov 07 15:48:08.236523 2017] [cgid:error] [pid 9519:tid 140262649030400] [client 211.115.68.189:41022] AH01264: script not found or unable to stat: /usr/local/apache/cgi-bin/test-cgi.pl
[Tue Nov 07 21:51:09.672032 2017] [:error] [pid 9519:tid 140262764418816] [client 177.195.60.135:41333] script '/usr/local/apache/htdocs/getcfg.php' not found or unable to stat
[Tue Nov 07 21:51:15.420150 2017] [:error] [pid 9519:tid 140262596581120] [client 177.195.60.135:41355] script '/usr/local/apache/htdocs/getcfg.php' not found or unable to stat
[Wed Nov 08 23:30:00.823962 2017] [cgid:error] [pid 19141:tid 140263321696000] (13)Permission denied: AH01241: exec of '/usr/local/apache/cgi-bin/test-cgi' failed
[Wed Nov 08 23:30:00.850441 2017] [cgid:error] [pid 24145:tid 140262370105088] [client 139.159.212.248:41367] End of script output before headers: test-cgi
[Wed Nov 08 23:30:04.310509 2017] [cgid:error] [pid 9519:tid 140262774908672] [client 139.159.212.248:41667] AH01264: script not found or unable to stat: /usr/local/apache/cgi-bin/test
[Wed Nov 08 23:30:07.714198 2017] [cgid:error] [pid 9519:tid 140262607070976] [client 139.159.212.248:41993] AH01264: script not found or unable to stat: /usr/local/apache/cgi-bin/test.cgi
[Wed Nov 08 23:30:11.191110 2017] [cgid:error] [pid 9519:tid 140262785398528] [client 139.159.212.248:42304] AH01264: script not found or unable to stat: /usr/local/apache/cgi-bin/test.sh
[Wed Nov 08 23:30:14.613851 2017] [cgid:error] [pid 9519:tid 140262753928960] [client 139.159.212.248:42624] AH01264: script not found or unable to stat: /usr/local/apache/cgi-bin/test
[Wed Nov 08 23:30:18.155506 2017] [cgid:error] [pid 9519:tid 140262732949248] [client 139.159.212.248:42920] AH01264: script not found or unable to stat: /usr/local/apache/cgi-bin/test-cgi.pl
[Thu Nov 09 03:36:25.686765 2017] [:error] [pid 9519:tid 140262753928960] [client 185.188.207.8:53500] script '/usr/local/apache/htdocs/xmlrpc.php' not found or unable to stat
[Thu Nov 09 19:44:50.006492 2017] [:error] [pid 9519:tid 140262680499968] [client 198.55.103.198:3788] script '/usr/local/apache/htdocs/azenv.php' not found or unable to stat
[Thu Nov 09 21:31:55.996866 2017] [:error] [pid 24146:tid 140262774908672] [client 146.185.223.5:62835] script '/usr/local/apache/htdocs/xmlrpc.php' not found or unable to stat
[Sat Nov 11 06:11:47.666845 2017] [:error] [pid 9519:tid 140262711969536] [client 201.81.140.75:48485] script '/usr/local/apache/htdocs/stssys.htm' not found or unable to stat
[Sat Nov 11 06:11:53.791533 2017] [:error] [pid 9519:tid 140262816868096] [client 201.81.140.75:48532] script '/usr/local/apache/htdocs/command.php' not found or unable to stat
[Sat Nov 11 06:29:35.270070 2017] [cgid:error] [pid 27962:tid 140263321696000] (13)Permission denied: AH01241: exec of '/usr/local/apache/cgi-bin/test-cgi' failed
[Sat Nov 11 06:29:35.283943 2017] [cgid:error] [pid 9519:tid 140262617560832] [client 194.225.173.1:53584] End of script output before headers: test-cgi
[Sat Nov 11 06:29:36.040251 2017] [cgid:error] [pid 9519:tid 140262774908672] [client 194.225.173.1:53749] AH01264: script not found or unable to stat: /usr/local/apache/cgi-bin/test
[Sat Nov 11 06:29:36.796206 2017] [cgid:error] [pid 24166:tid 140262649030400] [client 194.225.173.1:53931] AH01264: script not found or unable to stat: /usr/local/apache/cgi-bin/test.cgi
[Sat Nov 11 06:29:37.546463 2017] [cgid:error] [pid 24146:tid 140262753928960] [client 194.225.173.1:54151] AH01264: script not found or unable to stat: /usr/local/apache/cgi-bin/test.sh
[Sat Nov 11 06:29:38.272537 2017] [cgid:error] [pid 24166:tid 140262607070976] [client 194.225.173.1:54341] AH01264: script not found or unable to stat: /usr/local/apache/cgi-bin/test
[Sat Nov 11 06:29:39.008067 2017] [cgid:error] [pid 9519:tid 140262743439104] [client 194.225.173.1:54530] AH01264: script not found or unable to stat: /usr/local/apache/cgi-bin/test-cgi.pl
[Sat Nov 11 16:43:09.668954 2017] [cgid:error] [pid 23740:tid 140263321696000] (13)Permission denied: AH01241: exec of '/usr/local/apache/cgi-bin/test-cgi' failed
[Sat Nov 11 16:43:09.670135 2017] [cgid:error] [pid 24145:tid 140262649030400] [client 172.106.187.8:48148] End of script output before headers: test-cgi
[Mon Nov 13 03:43:41.653287 2017] [:error] [pid 24166:tid 140262753928960] [client 177.32.248.155:56886] script '/usr/local/apache/htdocs/getcfg.php' not found or unable to stat
[Mon Nov 13 03:43:47.278641 2017] [:error] [pid 24145:tid 140262454023936] [client 177.32.248.155:56934] script '/usr/local/apache/htdocs/getcfg.php' not found or unable to stat
[Mon Nov 13 11:40:56.142076 2017] [:error] [pid 24145:tid 140262443534080] [client 182.101.53.200:22249] script '/usr/local/apache/htdocs/stssys.htm' not found or unable to stat
[Thu Nov 16 03:16:35.188220 2017] [:error] [pid 24146:tid 140262659520256] [client 189.62.22.69:50968] script '/usr/local/apache/htdocs/stssys.htm' not found or unable to stat
[Thu Nov 16 03:16:41.276402 2017] [:error] [pid 24146:tid 140262607070976] [client 189.62.22.69:50996] script '/usr/local/apache/htdocs/command.php' not found or unable to stat
[Sat Nov 18 23:15:43.361463 2017] [:error] [pid 9519:tid 140262764418816] [client 191.184.253.229:55501] script '/usr/local/apache/htdocs/getcfg.php' not found or unable to stat
[Sat Nov 18 23:15:49.120940 2017] [:error] [pid 9519:tid 140262596581120] [client 191.184.253.229:55528] script '/usr/local/apache/htdocs/getcfg.php' not found or unable to stat
[Wed Nov 22 02:17:48.144222 2017] [cgid:error] [pid 24146:tid 140262596581120] [client 213.192.241.66:34338] AH01264: script not found or unable to stat: /usr/local/apache/cgi-bin/php
[Wed Nov 22 02:17:49.285927 2017] [cgid:error] [pid 9519:tid 140262659520256] [client 213.192.241.66:34442] AH01264: script not found or unable to stat: /usr/local/apache/cgi-bin/php5
[Wed Nov 22 02:17:50.497517 2017] [cgid:error] [pid 24145:tid 140262537942784] [client 213.192.241.66:34546] AH01264: script not found or unable to stat: /usr/local/apache/cgi-bin/php-cgi
[Wed Nov 22 02:17:51.661281 2017] [cgid:error] [pid 9519:tid 140262816868096] [client 213.192.241.66:34620] AH01264: script not found or unable to stat: /usr/local/apache/cgi-bin/php5-cgi
[Wed Nov 22 02:17:52.854781 2017] [cgid:error] [pid 24166:tid 140262827357952] [client 213.192.241.66:34690] AH01264: script not found or unable to stat: /usr/local/apache/cgi-bin/php-cgi.bin
[Thu Nov 23 01:20:08.683457 2017] [:error] [pid 9519:tid 140262680499968] [client 185.188.207.13:35232] script '/usr/local/apache/htdocs/xmlrpc.php' not found or unable to stat
[Thu Nov 23 01:44:44.443734 2017] [:error] [pid 9519:tid 140262827357952] [client 104.128.144.131:59878] script '/usr/local/apache/htdocs/redirect.php' not found or unable to stat
[Thu Nov 23 04:52:14.753465 2017] [:error] [pid 9519:tid 140262743439104] [client 189.102.146.145:48544] script '/usr/local/apache/htdocs/stssys.htm' not found or unable to stat
[Thu Nov 23 04:52:20.861704 2017] [:error] [pid 9519:tid 140262732949248] [client 189.102.146.145:48571] script '/usr/local/apache/htdocs/command.php' not found or unable to stat
[Thu Nov 23 23:29:43.279519 2017] [cgid:error] [pid 9519:tid 140262596581120] [client 162.243.79.133:56566] AH01264: script not found or unable to stat: /usr/local/apache/cgi-bin/php
[Fri Nov 24 06:08:36.224356 2017] [:error] [pid 9519:tid 140262711969536] [client 212.83.182.255:62350] script '/usr/local/apache/htdocs/dumper.php' not found or unable to stat
[Fri Nov 24 11:33:09.938903 2017] [:error] [pid 9519:tid 140262910109440] [client 212.83.182.255:57877] script '/usr/local/apache/htdocs/dumper.php' not found or unable to stat
[Fri Nov 24 11:47:27.937176 2017] [:error] [pid 24166:tid 140262690989824] [client 212.83.182.255:52955] script '/usr/local/apache/htdocs/dumper.php' not found or unable to stat
[Sat Nov 25 21:32:19.734858 2017] [:error] [pid 24166:tid 140262806378240] [client 179.218.95.55:40693] script '/usr/local/apache/htdocs/getcfg.php' not found or unable to stat
[Sat Nov 25 21:32:25.586058 2017] [:error] [pid 9519:tid 140262827357952] [client 179.218.95.55:40727] script '/usr/local/apache/htdocs/getcfg.php' not found or unable to stat
[Mon Nov 27 20:00:17.399604 2017] [:error] [pid 24166:tid 140262827357952] [client 198.55.103.198:4770] script '/usr/local/apache/htdocs/av.php' not found or unable to stat
